dGVzdDAuZXhhbXBsZS5jb20=
dGVzdDc0LmV4YW1wbGUuY29t
dGVzdDc0MC5leGFtcGxlLmNvbQ==
dGVzdDc0Mi5leGFtcGxlLmNvbQ==
dGVzdDc0MS5leGFtcGxlLmNvbQ==
dGVzdDc0My5leGFtcGxlLmNvbQ==
dGVzdDc0NC5leGFtcGxlLmNvbQ==
dGVzdDc0Ni5leGFtcGxlLmNvbQ==
dGVzdDc0NS5leGFtcGxlLmNvbQ==
dGVzdDc0Ny5leGFtcGxlLmNvbQ==
dGVzdDc0OC5leGFtcGxlLmNvbQ==
dGVzdDc0OS5leGFtcGxlLmNvbQ==
dGVzdDc1LmV4YW1wbGUuY29t
dGVzdDc1MC5leGFtcGxlLmNvbQ==
dGVzdDc1Mi5leGFtcGxlLmNvbQ==
dGVzdDc1MS5leGFtcGxlLmNvbQ==
dGVzdDc1My5leGFtcGxlLmNvbQ==
dGVzdDc1NC5leGFtcGxlLmNvbQ==
dGVzdDc1Ni5leGFtcGxlLmNvbQ==
dGVzdDc1NS5leGFtcGxlLmNvbQ==
dGVzdDc1Ny5leGFtcGxlLmNvbQ==
dGVzdDc1OC5leGFtcGxlLmNvbQ==
dGVzdDc1OS5leGFtcGxlLmNvbQ==
dGVzdDc2LmV4YW1wbGUuY29t
dGVzdDc2MC5leGFtcGxlLmNvbQ==
dGVzdDc2Mi5leGFtcGxlLmNvbQ==
dGVzdDc2MS5leGFtcGxlLmNvbQ==
dGVzdDc2My5leGFtcGxlLmNvbQ==
dGVzdDc2NC5leGFtcGxlLmNvbQ==
dGVzdDc2Ni5leGFtcGxlLmNvbQ==
dGVzdDc2NS5leGFtcGxlLmNvbQ==
dGVzdDc2Ny5leGFtcGxlLmNvbQ==
dGVzdDc2OC5leGFtcGxlLmNvbQ==
dGVzdDc2OS5leGFtcGxlLmNvbQ==
dGVzdDc3LmV4YW1wbGUuY29t
dGVzdDc3MC5leGFtcGxlLmNvbQ==
dGVzdDc3Mi5leGFtcGxlLmNvbQ==
dGVzdDc3MS5leGFtcGxlLmNvbQ==
dGVzdDc3My5leGFtcGxlLmNvbQ==
dGVzdDc3NC5leGFtcGxlLmNvbQ==
dGVzdDc3Ni5leGFtcGxlLmNvbQ==
dGVzdDc3NS5leGFtcGxlLmNvbQ==
dGVzdDc3Ny5leGFtcGxlLmNvbQ==
dGVzdDc3OC5leGFtcGxlLmNvbQ==
dGVzdDc3OS5leGFtcGxlLmNvbQ==
dGVzdDc4LmV4YW1wbGUuY29t
dGVzdDc4MC5leGFtcGxlLmNvbQ==
dGVzdDc4Mi5leGFtcGxlLmNvbQ==
dGVzdDc4MS5leGFtcGxlLmNvbQ==
dGVzdDc4My5leGFtcGxlLmNvbQ==
dGVzdDc4NC5leGFtcGxlLmNvbQ==
dGVzdDc4Ni5leGFtcGxlLmNvbQ==
dGVzdDc4NS5leGFtcGxlLmNvbQ==
dGVzdDc4Ny5leGFtcGxlLmNvbQ==
dGVzdDc4OC5leGFtcGxlLmNvbQ==
dGVzdDc4OS5leGFtcGxlLmNvbQ==
dGVzdDc5LmV4YW1wbGUuY29t
dGVzdDc5MC5leGFtcGxlLmNvbQ==
dGVzdDc5Mi5leGFtcGxlLmNvbQ==
dGVzdDc5MS5leGFtcGxlLmNvbQ==
dGVzdDc5My5leGFtcGxlLmNvbQ==
dGVzdDc5NC5leGFtcGxlLmNvbQ==
dGVzdDc5Ni5leGFtcGxlLmNvbQ==
dGVzdDc5NS5leGFtcGxlLmNvbQ==
dGVzdDc5Ny5leGFtcGxlLmNvbQ==
dGVzdDc5OC5leGFtcGxlLmNvbQ==
dGVzdDc5OS5leGFtcGxlLmNvbQ==
dGVzdDcuZXhhbXBsZS5jb20=
dGVzdDcwLmV4YW1wbGUuY29t
dGVzdDcwMC5leGFtcGxlLmNvbQ==
dGVzdDcwMi5leGFtcGxlLmNvbQ==
dGVzdDcwMS5leGFtcGxlLmNvbQ==
dGVzdDcwMy5leGFtcGxlLmNvbQ==
dGVzdDcwNC5leGFtcGxlLmNvbQ==
dGVzdDcwNi5leGFtcGxlLmNvbQ==
dGVzdDcwNS5leGFtcGxlLmNvbQ==
dGVzdDcwNy5leGFtcGxlLmNvbQ==
dGVzdDcwOC5leGFtcGxlLmNvbQ==
dGVzdDcwOS5leGFtcGxlLmNvbQ==
dGVzdDcxLmV4YW1wbGUuY29t
dGVzdDcxMC5leGFtcGxlLmNvbQ==
dGVzdDcxMi5leGFtcGxlLmNvbQ==
dGVzdDcxMS5leGFtcGxlLmNvbQ==
dGVzdDcxMy5leGFtcGxlLmNvbQ==
dGVzdDcxNC5leGFtcGxlLmNvbQ==
dGVzdDcxNi5leGFtcGxlLmNvbQ==
dGVzdDcxNS5leGFtcGxlLmNvbQ==
dGVzdDcxNy5leGFtcGxlLmNvbQ==
dGVzdDcxOC5leGFtcGxlLmNvbQ==
dGVzdDcxOS5leGFtcGxlLmNvbQ==
dGVzdDcyLmV4YW1wbGUuY29t
dGVzdDcyMC5leGFtcGxlLmNvbQ==
dGVzdDcyMi5leGFtcGxlLmNvbQ==
dGVzdDcyMS5leGFtcGxlLmNvbQ==
dGVzdDcyMy5leGFtcGxlLmNvbQ==
dGVzdDcyNC5leGFtcGxlLmNvbQ==
dGVzdDcyNi5leGFtcGxlLmNvbQ==
dGVzdDcyNS5leGFtcGxlLmNvbQ==
dGVzdDcyNy5leGFtcGxlLmNvbQ==
dGVzdDcyOC5leGFtcGxlLmNvbQ==
dGVzdDcyOS5leGFtcGxlLmNvbQ==
dGVzdDczLmV4YW1wbGUuY29t
dGVzdDczMC5leGFtcGxlLmNvbQ==
dGVzdDczMi5leGFtcGxlLmNvbQ==
dGVzdDczMS5leGFtcGxlLmNvbQ==
dGVzdDczMy5leGFtcGxlLmNvbQ==
dGVzdDczNC5leGFtcGxlLmNvbQ==
dGVzdDczNi5leGFtcGxlLmNvbQ==
dGVzdDczNS5leGFtcGxlLmNvbQ==
dGVzdDczNy5leGFtcGxlLmNvbQ==
dGVzdDczOC5leGFtcGxlLmNvbQ==
dGVzdDczOS5leGFtcGxlLmNvbQ==
dGVzdDE0LmV4YW1wbGUuY29t
dGVzdDE0MC5leGFtcGxlLmNvbQ==
dGVzdDE0Mi5leGFtcGxlLmNvbQ==
dGVzdDE0MS5leGFtcGxlLmNvbQ==
dGVzdDE0My5leGFtcGxlLmNvbQ==
dGVzdDE0NC5leGFtcGxlLmNvbQ==
dGVzdDE0Ni5leGFtcGxlLmNvbQ==
dGVzdDE0NS5leGFtcGxlLmNvbQ==
dGVzdDE0Ny5leGFtcGxlLmNvbQ==
dGVzdDE0OC5leGFtcGxlLmNvbQ==
dGVzdDE0OS5leGFtcGxlLmNvbQ==
dGVzdDE1LmV4YW1wbGUuY29t
dGVzdDE1MC5leGFtcGxlLmNvbQ==
dGVzdDE1Mi5leGFtcGxlLmNvbQ==
dGVzdDE1MS5leGFtcGxlLmNvbQ==
dGVzdDE1My5leGFtcGxlLmNvbQ==
dGVzdDE1NC5leGFtcGxlLmNvbQ==
dGVzdDE1Ni5leGFtcGxlLmNvbQ==
dGVzdDE1NS5leGFtcGxlLmNvbQ==
dGVzdDE1Ny5leGFtcGxlLmNvbQ==
dGVzdDE1OC5leGFtcGxlLmNvbQ==
dGVzdDE1OS5leGFtcGxlLmNvbQ==
dGVzdDE2LmV4YW1wbGUuY29t
dGVzdDE2MC5leGFtcGxlLmNvbQ==
dGVzdDE2Mi5leGFtcGxlLmNvbQ==
dGVzdDE2MS5leGFtcGxlLmNvbQ==
dGVzdDE2My5leGFtcGxlLmNvbQ==
dGVzdDE2NC5leGFtcGxlLmNvbQ==
dGVzdDE2Ni5leGFtcGxlLmNvbQ==
dGVzdDE2NS5leGFtcGxlLmNvbQ==
dGVzdDE2Ny5leGFtcGxlLmNvbQ==
dGVzdDE2OC5leGFtcGxlLmNvbQ==
dGVzdDE2OS5leGFtcGxlLmNvbQ==
dGVzdDE3LmV4YW1wbGUuY29t
dGVzdDE3MC5leGFtcGxlLmNvbQ==
dGVzdDE3Mi5leGFtcGxlLmNvbQ==
dGVzdDE3MS5leGFtcGxlLmNvbQ==
dGVzdDE3My5leGFtcGxlLmNvbQ==
dGVzdDE3NC5leGFtcGxlLmNvbQ==
dGVzdDE3Ni5leGFtcGxlLmNvbQ==
dGVzdDE3NS5leGFtcGxlLmNvbQ==
dGVzdDE3Ny5leGFtcGxlLmNvbQ==
dGVzdDE3OC5leGFtcGxlLmNvbQ==
dGVzdDE3OS5leGFtcGxlLmNvbQ==
dGVzdDE4LmV4YW1wbGUuY29t
dGVzdDE4MC5leGFtcGxlLmNvbQ==
dGVzdDE4Mi5leGFtcGxlLmNvbQ==
dGVzdDE4MS5leGFtcGxlLmNvbQ==
dGVzdDE4My5leGFtcGxlLmNvbQ==
dGVzdDE4NC5leGFtcGxlLmNvbQ==
dGVzdDE4Ni5leGFtcGxlLmNvbQ==
dGVzdDE4NS5leGFtcGxlLmNvbQ==
dGVzdDE4Ny5leGFtcGxlLmNvbQ==
dGVzdDE4OC5leGFtcGxlLmNvbQ==
dGVzdDE4OS5leGFtcGxlLmNvbQ==
dGVzdDE5LmV4YW1wbGUuY29t
dGVzdDE5MC5leGFtcGxlLmNvbQ==
dGVzdDE5Mi5leGFtcGxlLmNvbQ==
dGVzdDE5MS5leGFtcGxlLmNvbQ==
dGVzdDE5My5leGFtcGxlLmNvbQ==
dGVzdDE5NC5leGFtcGxlLmNvbQ==
dGVzdDE5Ni5leGFtcGxlLmNvbQ==
dGVzdDE5NS5leGFtcGxlLmNvbQ==
dGVzdDE5Ny5leGFtcGxlLmNvbQ==
dGVzdDE5OC5leGFtcGxlLmNvbQ==
dGVzdDE5OS5leGFtcGxlLmNvbQ==
dGVzdDEuZXhhbXBsZS5jb20=
dGVzdDEwLmV4YW1wbGUuY29t
dGVzdDEwMC5leGFtcGxlLmNvbQ==
dGVzdDEwMDAuZXhhbXBsZS5jb20=
dGVzdDEwMDcuZXhhbXBsZS5jb20=
dGVzdDEwMDEuZXhhbXBsZS5jb20=
dGVzdDEwMDguZXhhbXBsZS5jb20=
dGVzdDEwMDIuZXhhbXBsZS5jb20=
dGVzdDEwMDkuZXhhbXBsZS5jb20=
dGVzdDEwMDMuZXhhbXBsZS5jb20=
dGVzdDEwMDQuZXhhbXBsZS5jb20=
dGVzdDEwMDUuZXhhbXBsZS5jb20=
dGVzdDEwMDYuZXhhbXBsZS5jb20=
dGVzdDEwMi5leGFtcGxlLmNvbQ==
dGVzdDEwMjAuZXhhbXBsZS5jb20=
dGVzdDEwMjcuZXhhbXBsZS5jb20=
dGVzdDEwMjEuZXhhbXBsZS5jb20=
dGVzdDEwMjguZXhhbXBsZS5jb20=
dGVzdDEwMjIuZXhhbXBsZS5jb20=
dGVzdDEwMjkuZXhhbXBsZS5jb20=
dGVzdDEwMjMuZXhhbXBsZS5jb20=
dGVzdDEwMjQuZXhhbXBsZS5jb20=
dGVzdDEwMjUuZXhhbXBsZS5jb20=
dGVzdDEwMjYuZXhhbXBsZS5jb20=
dGVzdDEwMS5leGFtcGxlLmNvbQ==
dGVzdDEwMTAuZXhhbXBsZS5jb20=
dGVzdDEwMTcuZXhhbXBsZS5jb20=
dGVzdDEwMTEuZXhhbXBsZS5jb20=
dGVzdDEwMTguZXhhbXBsZS5jb20=
dGVzdDEwMTIuZXhhbXBsZS5jb20=
dGVzdDEwMTkuZXhhbXBsZS5jb20=
dGVzdDEwMTMuZXhhbXBsZS5jb20=
dGVzdDEwMTQuZXhhbXBsZS5jb20=
dGVzdDEwMTUuZXhhbXBsZS5jb20=
dGVzdDEwMTYuZXhhbXBsZS5jb20=
dGVzdDEwMy5leGFtcGxlLmNvbQ==
dGVzdDEwMzAuZXhhbXBsZS5jb20=
dGVzdDEwMzcuZXhhbXBsZS5jb20=
dGVzdDEwMzEuZXhhbXBsZS5jb20=
dGVzdDEwMzguZXhhbXBsZS5jb20=
dGVzdDEwMzIuZXhhbXBsZS5jb20=
dGVzdDEwMzkuZXhhbXBsZS5jb20=
dGVzdDEwMzMuZXhhbXBsZS5jb20=
dGVzdDEwMzQuZXhhbXBsZS5jb20=
dGVzdDEwMzUuZXhhbXBsZS5jb20=
dGVzdDEwMzYuZXhhbXBsZS5jb20=
dGVzdDEwNC5leGFtcGxlLmNvbQ==
dGVzdDEwNDAuZXhhbXBsZS5jb20=
dGVzdDEwNDcuZXhhbXBsZS5jb20=
dGVzdDEwNDEuZXhhbXBsZS5jb20=
dGVzdDEwNDguZXhhbXBsZS5jb20=
dGVzdDEwNDIuZXhhbXBsZS5jb20=
dGVzdDEwNDkuZXhhbXBsZS5jb20=
dGVzdDEwNDMuZXhhbXBsZS5jb20=
dGVzdDEwNDQuZXhhbXBsZS5jb20=
dGVzdDEwNDUuZXhhbXBsZS5jb20=
dGVzdDEwNDYuZXhhbXBsZS5jb20=
dGVzdDEwNi5leGFtcGxlLmNvbQ==
dGVzdDEwNjAuZXhhbXBsZS5jb20=
dGVzdDEwNjcuZXhhbXBsZS5jb20=
dGVzdDEwNjEuZXhhbXBsZS5jb20=
dGVzdDEwNjguZXhhbXBsZS5jb20=
dGVzdDEwNjIuZXhhbXBsZS5jb20=
dGVzdDEwNjkuZXhhbXBsZS5jb20=
dGVzdDEwNjMuZXhhbXBsZS5jb20=
dGVzdDEwNjQuZXhhbXBsZS5jb20=
dGVzdDEwNjUuZXhhbXBsZS5jb20=
dGVzdDEwNjYuZXhhbXBsZS5jb20=
dGVzdDEwNS5leGFtcGxlLmNvbQ==
dGVzdDEwNTAuZXhhbXBsZS5jb20=
dGVzdDEwNTcuZXhhbXBsZS5jb20=
dGVzdDEwNTEuZXhhbXBsZS5jb20=
dGVzdDEwNTguZXhhbXBsZS5jb20=
dGVzdDEwNTIuZXhhbXBsZS5jb20=
dGVzdDEwNTkuZXhhbXBsZS5jb20=
dGVzdDEwNTMuZXhhbXBsZS5jb20=
dGVzdDEwNTQuZXhhbXBsZS5jb20=
dGVzdDEwNTUuZXhhbXBsZS5jb20=
dGVzdDEwNTYuZXhhbXBsZS5jb20=
dGVzdDEwNy5leGFtcGxlLmNvbQ==
dGVzdDEwNzAuZXhhbXBsZS5jb20=
dGVzdDEwNzcuZXhhbXBsZS5jb20=
dGVzdDEwNzEuZXhhbXBsZS5jb20=
dGVzdDEwNzguZXhhbXBsZS5jb20=
dGVzdDEwNzIuZXhhbXBsZS5jb20=
dGVzdDEwNzkuZXhhbXBsZS5jb20=
dGVzdDEwNzMuZXhhbXBsZS5jb20=
dGVzdDEwNzQuZXhhbXBsZS5jb20=
dGVzdDEwNzUuZXhhbXBsZS5jb20=
dGVzdDEwNzYuZXhhbXBsZS5jb20=
dGVzdDEwOC5leGFtcGxlLmNvbQ==
dGVzdDEwODAuZXhhbXBsZS5jb20=
dGVzdDEwODcuZXhhbXBsZS5jb20=
dGVzdDEwODEuZXhhbXBsZS5jb20=
dGVzdDEwODguZXhhbXBsZS5jb20=
dGVzdDEwODIuZXhhbXBsZS5jb20=
dGVzdDEwODkuZXhhbXBsZS5jb20=
dGVzdDEwODMuZXhhbXBsZS5jb20=
dGVzdDEwODQuZXhhbXBsZS5jb20=
dGVzdDEwODUuZXhhbXBsZS5jb20=
dGVzdDEwODYuZXhhbXBsZS5jb20=
dGVzdDEwOS5leGFtcGxlLmNvbQ==
dGVzdDEwOTAuZXhhbXBsZS5jb20=
dGVzdDEwOTcuZXhhbXBsZS5jb20=
dGVzdDEwOTEuZXhhbXBsZS5jb20=
dGVzdDEwOTguZXhhbXBsZS5jb20=
dGVzdDEwOTIuZXhhbXBsZS5jb20=
dGVzdDEwOTkuZXhhbXBsZS5jb20=
dGVzdDEwOTMuZXhhbXBsZS5jb20=
dGVzdDEwOTQuZXhhbXBsZS5jb20=
dGVzdDEwOTUuZXhhbXBsZS5jb20=
dGVzdDEwOTYuZXhhbXBsZS5jb20=
dGVzdDExLmV4YW1wbGUuY29t
dGVzdDExMC5leGFtcGxlLmNvbQ==
dGVzdDExMDAuZXhhbXBsZS5jb20=
dGVzdDExMDcuZXhhbXBsZS5jb20=
dGVzdDExMDEuZXhhbXBsZS5jb20=
dGVzdDExMDguZXhhbXBsZS5jb20=
dGVzdDExMDIuZXhhbXBsZS5jb20=
dGVzdDExMDkuZXhhbXBsZS5jb20=
dGVzdDExMDMuZXhhbXBsZS5jb20=
dGVzdDExMDQuZXhhbXBsZS5jb20=
dGVzdDExMDUuZXhhbXBsZS5jb20=
dGVzdDExMDYuZXhhbXBsZS5jb20=
dGVzdDExMi5leGFtcGxlLmNvbQ==
dGVzdDExMjAuZXhhbXBsZS5jb20=
dGVzdDExMjcuZXhhbXBsZS5jb20=
dGVzdDExMjEuZXhhbXBsZS5jb20=
dGVzdDExMjguZXhhbXBsZS5jb20=
dGVzdDExMjIuZXhhbXBsZS5jb20=
dGVzdDExMjkuZXhhbXBsZS5jb20=
dGVzdDExMjMuZXhhbXBsZS5jb20=
dGVzdDExMjQuZXhhbXBsZS5jb20=
dGVzdDExMjUuZXhhbXBsZS5jb20=
dGVzdDExMjYuZXhhbXBsZS5jb20=
dGVzdDExMS5leGFtcGxlLmNvbQ==
dGVzdDExMTAuZXhhbXBsZS5jb20=
dGVzdDExMTcuZXhhbXBsZS5jb20=
dGVzdDExMTEuZXhhbXBsZS5jb20=
dGVzdDExMTguZXhhbXBsZS5jb20=
dGVzdDExMTIuZXhhbXBsZS5jb20=
dGVzdDExMTkuZXhhbXBsZS5jb20=
dGVzdDExMTMuZXhhbXBsZS5jb20=
dGVzdDExMTQuZXhhbXBsZS5jb20=
dGVzdDExMTUuZXhhbXBsZS5jb20=
dGVzdDExMTYuZXhhbXBsZS5jb20=
dGVzdDExMy5leGFtcGxlLmNvbQ==
dGVzdDExMzAuZXhhbXBsZS5jb20=
dGVzdDExMzcuZXhhbXBsZS5jb20=
dGVzdDExMzEuZXhhbXBsZS5jb20=
dGVzdDExMzguZXhhbXBsZS5jb20=
dGVzdDExMzIuZXhhbXBsZS5jb20=
dGVzdDExMzkuZXhhbXBsZS5jb20=
dGVzdDExMzMuZXhhbXBsZS5jb20=
dGVzdDExMzQuZXhhbXBsZS5jb20=
dGVzdDExMzUuZXhhbXBsZS5jb20=
dGVzdDExMzYuZXhhbXBsZS5jb20=
dGVzdDExNC5leGFtcGxlLmNvbQ==
dGVzdDExNDAuZXhhbXBsZS5jb20=
dGVzdDExNDcuZXhhbXBsZS5jb20=
dGVzdDExNDEuZXhhbXBsZS5jb20=
dGVzdDExNDguZXhhbXBsZS5jb20=
dGVzdDExNDIuZXhhbXBsZS5jb20=
dGVzdDExNDkuZXhhbXBsZS5jb20=
dGVzdDExNDMuZXhhbXBsZS5jb20=
dGVzdDExNDQuZXhhbXBsZS5jb20=
dGVzdDExNDUuZXhhbXBsZS5jb20=
dGVzdDExNDYuZXhhbXBsZS5jb20=
dGVzdDExNi5leGFtcGxlLmNvbQ==
dGVzdDExNjAuZXhhbXBsZS5jb20=
dGVzdDExNjcuZXhhbXBsZS5jb20=
dGVzdDExNjEuZXhhbXBsZS5jb20=
dGVzdDExNjguZXhhbXBsZS5jb20=
dGVzdDExNjIuZXhhbXBsZS5jb20=
dGVzdDExNjkuZXhhbXBsZS5jb20=
dGVzdDExNjMuZXhhbXBsZS5jb20=
dGVzdDExNjQuZXhhbXBsZS5jb20=
dGVzdDExNjUuZXhhbXBsZS5jb20=
dGVzdDExNjYuZXhhbXBsZS5jb20=
dGVzdDExNS5leGFtcGxlLmNvbQ==
dGVzdDExNTAuZXhhbXBsZS5jb20=
dGVzdDExNTcuZXhhbXBsZS5jb20=
dGVzdDExNTEuZXhhbXBsZS5jb20=
dGVzdDExNTguZXhhbXBsZS5jb20=
dGVzdDExNTIuZXhhbXBsZS5jb20=
dGVzdDExNTkuZXhhbXBsZS5jb20=
dGVzdDExNTMuZXhhbXBsZS5jb20=
dGVzdDExNTQuZXhhbXBsZS5jb20=
dGVzdDExNTUuZXhhbXBsZS5jb20=
dGVzdDExNTYuZXhhbXBsZS5jb20=
dGVzdDExNy5leGFtcGxlLmNvbQ==
dGVzdDExNzAuZXhhbXBsZS5jb20=
dGVzdDExNzcuZXhhbXBsZS5jb20=
dGVzdDExNzEuZXhhbXBsZS5jb20=
dGVzdDExNzguZXhhbXBsZS5jb20=
dGVzdDExNzIuZXhhbXBsZS5jb20=
dGVzdDExNzkuZXhhbXBsZS5jb20=
dGVzdDExNzMuZXhhbXBsZS5jb20=
dGVzdDExNzQuZXhhbXBsZS5jb20=
dGVzdDExNzUuZXhhbXBsZS5jb20=
dGVzdDExNzYuZXhhbXBsZS5jb20=
dGVzdDExOC5leGFtcGxlLmNvbQ==
dGVzdDExODAuZXhhbXBsZS5jb20=
dGVzdDExODcuZXhhbXBsZS5jb20=
dGVzdDExODEuZXhhbXBsZS5jb20=
dGVzdDExODguZXhhbXBsZS5jb20=
dGVzdDExODIuZXhhbXBsZS5jb20=
dGVzdDExODkuZXhhbXBsZS5jb20=
dGVzdDExODMuZXhhbXBsZS5jb20=
dGVzdDExODQuZXhhbXBsZS5jb20=
dGVzdDExODUuZXhhbXBsZS5jb20=
dGVzdDExODYuZXhhbXBsZS5jb20=
dGVzdDExOS5leGFtcGxlLmNvbQ==
dGVzdDExOTAuZXhhbXBsZS5jb20=
dGVzdDExOTcuZXhhbXBsZS5jb20=
dGVzdDExOTEuZXhhbXBsZS5jb20=
dGVzdDExOTguZXhhbXBsZS5jb20=
dGVzdDExOTIuZXhhbXBsZS5jb20=
dGVzdDExOTkuZXhhbXBsZS5jb20=
dGVzdDExOTMuZXhhbXBsZS5jb20=
dGVzdDExOTQuZXhhbXBsZS5jb20=
dGVzdDExOTUuZXhhbXBsZS5jb20=
dGVzdDExOTYuZXhhbXBsZS5jb20=
dGVzdDEyLmV4YW1wbGUuY29t
dGVzdDEyMC5leGFtcGxlLmNvbQ==
dGVzdDEyMi5leGFtcGxlLmNvbQ==
dGVzdDEyMS5leGFtcGxlLmNvbQ==
dGVzdDEyMy5leGFtcGxlLmNvbQ==
dGVzdDEyNC5leGFtcGxlLmNvbQ==
dGVzdDEyNi5leGFtcGxlLmNvbQ==
dGVzdDEyNS5leGFtcGxlLmNvbQ==
dGVzdDEyNy5leGFtcGxlLmNvbQ==
dGVzdDEyOC5leGFtcGxlLmNvbQ==
dGVzdDEyOS5leGFtcGxlLmNvbQ==
dGVzdDEzLmV4YW1wbGUuY29t
dGVzdDEzMC5leGFtcGxlLmNvbQ==
dGVzdDEzMi5leGFtcGxlLmNvbQ==
dGVzdDEzMS5leGFtcGxlLmNvbQ==
dGVzdDEzMy5leGFtcGxlLmNvbQ==
dGVzdDEzNC5leGFtcGxlLmNvbQ==
dGVzdDEzNi5leGFtcGxlLmNvbQ==
dGVzdDEzNS5leGFtcGxlLmNvbQ==
dGVzdDEzNy5leGFtcGxlLmNvbQ==
dGVzdDEzOC5leGFtcGxlLmNvbQ==
dGVzdDEzOS5leGFtcGxlLmNvbQ==
dGVzdDg0LmV4YW1wbGUuY29t
dGVzdDg0MC5leGFtcGxlLmNvbQ==
dGVzdDg0Mi5leGFtcGxlLmNvbQ==
dGVzdDg0MS5leGFtcGxlLmNvbQ==
dGVzdDg0My5leGFtcGxlLmNvbQ==
dGVzdDg0NC5leGFtcGxlLmNvbQ==
dGVzdDg0Ni5leGFtcGxlLmNvbQ==
dGVzdDg0NS5leGFtcGxlLmNvbQ==
dGVzdDg0Ny5leGFtcGxlLmNvbQ==
dGVzdDg0OC5leGFtcGxlLmNvbQ==
dGVzdDg0OS5leGFtcGxlLmNvbQ==
dGVzdDg1LmV4YW1wbGUuY29t
dGVzdDg1MC5leGFtcGxlLmNvbQ==
dGVzdDg1Mi5leGFtcGxlLmNvbQ==
dGVzdDg1MS5leGFtcGxlLmNvbQ==
dGVzdDg1My5leGFtcGxlLmNvbQ==
dGVzdDg1NC5leGFtcGxlLmNvbQ==
dGVzdDg1Ni5leGFtcGxlLmNvbQ==
dGVzdDg1NS5leGFtcGxlLmNvbQ==
dGVzdDg1Ny5leGFtcGxlLmNvbQ==
dGVzdDg1OC5leGFtcGxlLmNvbQ==
dGVzdDg1OS5leGFtcGxlLmNvbQ==
dGVzdDg2LmV4YW1wbGUuY29t
dGVzdDg2MC5leGFtcGxlLmNvbQ==
dGVzdDg2Mi5leGFtcGxlLmNvbQ==
dGVzdDg2MS5leGFtcGxlLmNvbQ==
dGVzdDg2My5leGFtcGxlLmNvbQ==
dGVzdDg2NC5leGFtcGxlLmNvbQ==
dGVzdDg2Ni5leGFtcGxlLmNvbQ==
dGVzdDg2NS5leGFtcGxlLmNvbQ==
dGVzdDg2Ny5leGFtcGxlLmNvbQ==
dGVzdDg2OC5leGFtcGxlLmNvbQ==
dGVzdDg2OS5leGFtcGxlLmNvbQ==
dGVzdDg3LmV4YW1wbGUuY29t
dGVzdDg3MC5leGFtcGxlLmNvbQ==
dGVzdDg3Mi5leGFtcGxlLmNvbQ==
dGVzdDg3MS5leGFtcGxlLmNvbQ==
dGVzdDg3My5leGFtcGxlLmNvbQ==
dGVzdDg3NC5leGFtcGxlLmNvbQ==
dGVzdDg3Ni5leGFtcGxlLmNvbQ==
dGVzdDg3NS5leGFtcGxlLmNvbQ==
dGVzdDg3Ny5leGFtcGxlLmNvbQ==
dGVzdDg3OC5leGFtcGxlLmNvbQ==
dGVzdDg3OS5leGFtcGxlLmNvbQ==
dGVzdDg4LmV4YW1wbGUuY29t
dGVzdDg4MC5leGFtcGxlLmNvbQ==
dGVzdDg4Mi5leGFtcGxlLmNvbQ==
dGVzdDg4MS5leGFtcGxlLmNvbQ==
dGVzdDg4My5leGFtcGxlLmNvbQ==
dGVzdDg4NC5leGFtcGxlLmNvbQ==
dGVzdDg4Ni5leGFtcGxlLmNvbQ==
dGVzdDg4NS5leGFtcGxlLmNvbQ==
dGVzdDg4Ny5leGFtcGxlLmNvbQ==
dGVzdDg4OC5leGFtcGxlLmNvbQ==
dGVzdDg4OS5leGFtcGxlLmNvbQ==
dGVzdDg5LmV4YW1wbGUuY29t
dGVzdDg5MC5leGFtcGxlLmNvbQ==
dGVzdDg5Mi5leGFtcGxlLmNvbQ==
dGVzdDg5MS5leGFtcGxlLmNvbQ==
dGVzdDg5My5leGFtcGxlLmNvbQ==
dGVzdDg5NC5leGFtcGxlLmNvbQ==
dGVzdDg5Ni5leGFtcGxlLmNvbQ==
dGVzdDg5NS5leGFtcGxlLmNvbQ==
dGVzdDg5Ny5leGFtcGxlLmNvbQ==
dGVzdDg5OC5leGFtcGxlLmNvbQ==
dGVzdDg5OS5leGFtcGxlLmNvbQ==
dGVzdDguZXhhbXBsZS5jb20=
dGVzdDgwLmV4YW1wbGUuY29t
dGVzdDgwMC5leGFtcGxlLmNvbQ==
dGVzdDgwMi5leGFtcGxlLmNvbQ==
dGVzdDgwMS5leGFtcGxlLmNvbQ==
dGVzdDgwMy5leGFtcGxlLmNvbQ==
dGVzdDgwNC5leGFtcGxlLmNvbQ==
dGVzdDgwNi5leGFtcGxlLmNvbQ==
dGVzdDgwNS5leGFtcGxlLmNvbQ==
dGVzdDgwNy5leGFtcGxlLmNvbQ==
dGVzdDgwOC5leGFtcGxlLmNvbQ==
dGVzdDgwOS5leGFtcGxlLmNvbQ==
dGVzdDgxLmV4YW1wbGUuY29t
dGVzdDgxMC5leGFtcGxlLmNvbQ==
dGVzdDgxMi5leGFtcGxlLmNvbQ==
dGVzdDgxMS5leGFtcGxlLmNvbQ==
dGVzdDgxMy5leGFtcGxlLmNvbQ==
dGVzdDgxNC5leGFtcGxlLmNvbQ==
dGVzdDgxNi5leGFtcGxlLmNvbQ==
dGVzdDgxNS5leGFtcGxlLmNvbQ==
dGVzdDgxNy5leGFtcGxlLmNvbQ==
dGVzdDgxOC5leGFtcGxlLmNvbQ==
dGVzdDgxOS5leGFtcGxlLmNvbQ==
dGVzdDgyLmV4YW1wbGUuY29t
dGVzdDgyMC5leGFtcGxlLmNvbQ==
dGVzdDgyMi5leGFtcGxlLmNvbQ==
dGVzdDgyMS5leGFtcGxlLmNvbQ==
dGVzdDgyMy5leGFtcGxlLmNvbQ==
dGVzdDgyNC5leGFtcGxlLmNvbQ==
dGVzdDgyNi5leGFtcGxlLmNvbQ==
dGVzdDgyNS5leGFtcGxlLmNvbQ==
dGVzdDgyNy5leGFtcGxlLmNvbQ==
dGVzdDgyOC5leGFtcGxlLmNvbQ==
dGVzdDgyOS5leGFtcGxlLmNvbQ==
dGVzdDgzLmV4YW1wbGUuY29t
dGVzdDgzMC5leGFtcGxlLmNvbQ==
dGVzdDgzMi5leGFtcGxlLmNvbQ==
dGVzdDgzMS5leGFtcGxlLmNvbQ==
dGVzdDgzMy5leGFtcGxlLmNvbQ==
dGVzdDgzNC5leGFtcGxlLmNvbQ==
dGVzdDgzNi5leGFtcGxlLmNvbQ==
dGVzdDgzNS5leGFtcGxlLmNvbQ==
dGVzdDgzNy5leGFtcGxlLmNvbQ==
dGVzdDgzOC5leGFtcGxlLmNvbQ==
dGVzdDgzOS5leGFtcGxlLmNvbQ==
dGVzdDI0LmV4YW1wbGUuY29t
dGVzdDI0MC5leGFtcGxlLmNvbQ==
dGVzdDI0Mi5leGFtcGxlLmNvbQ==
dGVzdDI0MS5leGFtcGxlLmNvbQ==
dGVzdDI0My5leGFtcGxlLmNvbQ==
dGVzdDI0NC5leGFtcGxlLmNvbQ==
dGVzdDI0Ni5leGFtcGxlLmNvbQ==
dGVzdDI0NS5leGFtcGxlLmNvbQ==
dGVzdDI0Ny5leGFtcGxlLmNvbQ==
dGVzdDI0OC5leGFtcGxlLmNvbQ==
dGVzdDI0OS5leGFtcGxlLmNvbQ==
dGVzdDI1LmV4YW1wbGUuY29t
dGVzdDI1MC5leGFtcGxlLmNvbQ==
dGVzdDI1Mi5leGFtcGxlLmNvbQ==
dGVzdDI1MS5leGFtcGxlLmNvbQ==
dGVzdDI1My5leGFtcGxlLmNvbQ==
dGVzdDI1NC5leGFtcGxlLmNvbQ==
dGVzdDI1Ni5leGFtcGxlLmNvbQ==
dGVzdDI1NS5leGFtcGxlLmNvbQ==
dGVzdDI1Ny5leGFtcGxlLmNvbQ==
dGVzdDI1OC5leGFtcGxlLmNvbQ==
dGVzdDI1OS5leGFtcGxlLmNvbQ==
dGVzdDI2LmV4YW1wbGUuY29t
dGVzdDI2MC5leGFtcGxlLmNvbQ==
dGVzdDI2Mi5leGFtcGxlLmNvbQ==
dGVzdDI2MS5leGFtcGxlLmNvbQ==
dGVzdDI2My5leGFtcGxlLmNvbQ==
dGVzdDI2NC5leGFtcGxlLmNvbQ==
dGVzdDI2Ni5leGFtcGxlLmNvbQ==
dGVzdDI2NS5leGFtcGxlLmNvbQ==
dGVzdDI2Ny5leGFtcGxlLmNvbQ==
dGVzdDI2OC5leGFtcGxlLmNvbQ==
dGVzdDI2OS5leGFtcGxlLmNvbQ==
dGVzdDI3LmV4YW1wbGUuY29t
dGVzdDI3MC5leGFtcGxlLmNvbQ==
dGVzdDI3Mi5leGFtcGxlLmNvbQ==
dGVzdDI3MS5leGFtcGxlLmNvbQ==
dGVzdDI3My5leGFtcGxlLmNvbQ==
dGVzdDI3NC5leGFtcGxlLmNvbQ==
dGVzdDI3Ni5leGFtcGxlLmNvbQ==
dGVzdDI3NS5leGFtcGxlLmNvbQ==
dGVzdDI3Ny5leGFtcGxlLmNvbQ==
dGVzdDI3OC5leGFtcGxlLmNvbQ==
dGVzdDI3OS5leGFtcGxlLmNvbQ==
dGVzdDI4LmV4YW1wbGUuY29t
dGVzdDI4MC5leGFtcGxlLmNvbQ==
dGVzdDI4Mi5leGFtcGxlLmNvbQ==
dGVzdDI4MS5leGFtcGxlLmNvbQ==
dGVzdDI4My5leGFtcGxlLmNvbQ==
dGVzdDI4NC5leGFtcGxlLmNvbQ==
dGVzdDI4Ni5leGFtcGxlLmNvbQ==
dGVzdDI4NS5leGFtcGxlLmNvbQ==
dGVzdDI4Ny5leGFtcGxlLmNvbQ==
dGVzdDI4OC5leGFtcGxlLmNvbQ==
dGVzdDI4OS5leGFtcGxlLmNvbQ==
dGVzdDI5LmV4YW1wbGUuY29t
dGVzdDI5MC5leGFtcGxlLmNvbQ==
dGVzdDI5Mi5leGFtcGxlLmNvbQ==
dGVzdDI5MS5leGFtcGxlLmNvbQ==
dGVzdDI5My5leGFtcGxlLmNvbQ==
dGVzdDI5NC5leGFtcGxlLmNvbQ==
dGVzdDI5Ni5leGFtcGxlLmNvbQ==
dGVzdDI5NS5leGFtcGxlLmNvbQ==
dGVzdDI5Ny5leGFtcGxlLmNvbQ==
dGVzdDI5OC5leGFtcGxlLmNvbQ==
dGVzdDI5OS5leGFtcGxlLmNvbQ==
dGVzdDIuZXhhbXBsZS5jb20=
dGVzdDIwLmV4YW1wbGUuY29t
dGVzdDIwMC5leGFtcGxlLmNvbQ==
dGVzdDIwMi5leGFtcGxlLmNvbQ==
dGVzdDIwMS5leGFtcGxlLmNvbQ==
dGVzdDIwMy5leGFtcGxlLmNvbQ==
dGVzdDIwNC5leGFtcGxlLmNvbQ==
dGVzdDIwNi5leGFtcGxlLmNvbQ==
dGVzdDIwNS5leGFtcGxlLmNvbQ==
dGVzdDIwNy5leGFtcGxlLmNvbQ==
dGVzdDIwOC5leGFtcGxlLmNvbQ==
dGVzdDIwOS5leGFtcGxlLmNvbQ==
dGVzdDIxLmV4YW1wbGUuY29t
dGVzdDIxMC5leGFtcGxlLmNvbQ==
dGVzdDIxMi5leGFtcGxlLmNvbQ==
dGVzdDIxMS5leGFtcGxlLmNvbQ==
dGVzdDIxMy5leGFtcGxlLmNvbQ==
dGVzdDIxNC5leGFtcGxlLmNvbQ==
dGVzdDIxNi5leGFtcGxlLmNvbQ==
dGVzdDIxNS5leGFtcGxlLmNvbQ==
dGVzdDIxNy5leGFtcGxlLmNvbQ==
dGVzdDIxOC5leGFtcGxlLmNvbQ==
dGVzdDIxOS5leGFtcGxlLmNvbQ==
dGVzdDIyLmV4YW1wbGUuY29t
dGVzdDIyMC5leGFtcGxlLmNvbQ==
dGVzdDIyMi5leGFtcGxlLmNvbQ==
dGVzdDIyMS5leGFtcGxlLmNvbQ==
dGVzdDIyMy5leGFtcGxlLmNvbQ==
dGVzdDIyNC5leGFtcGxlLmNvbQ==
dGVzdDIyNi5leGFtcGxlLmNvbQ==
dGVzdDIyNS5leGFtcGxlLmNvbQ==
dGVzdDIyNy5leGFtcGxlLmNvbQ==
dGVzdDIyOC5leGFtcGxlLmNvbQ==
dGVzdDIyOS5leGFtcGxlLmNvbQ==
dGVzdDIzLmV4YW1wbGUuY29t
dGVzdDIzMC5leGFtcGxlLmNvbQ==
dGVzdDIzMi5leGFtcGxlLmNvbQ==
dGVzdDIzMS5leGFtcGxlLmNvbQ==
dGVzdDIzMy5leGFtcGxlLmNvbQ==
dGVzdDIzNC5leGFtcGxlLmNvbQ==
dGVzdDIzNi5leGFtcGxlLmNvbQ==
dGVzdDIzNS5leGFtcGxlLmNvbQ==
dGVzdDIzNy5leGFtcGxlLmNvbQ==
dGVzdDIzOC5leGFtcGxlLmNvbQ==
dGVzdDIzOS5leGFtcGxlLmNvbQ==
dGVzdDk0LmV4YW1wbGUuY29t
dGVzdDk0MC5leGFtcGxlLmNvbQ==
dGVzdDk0Mi5leGFtcGxlLmNvbQ==
dGVzdDk0MS5leGFtcGxlLmNvbQ==
dGVzdDk0My5leGFtcGxlLmNvbQ==
dGVzdDk0NC5leGFtcGxlLmNvbQ==
dGVzdDk0Ni5leGFtcGxlLmNvbQ==
dGVzdDk0NS5leGFtcGxlLmNvbQ==
dGVzdDk0Ny5leGFtcGxlLmNvbQ==
dGVzdDk0OC5leGFtcGxlLmNvbQ==
dGVzdDk0OS5leGFtcGxlLmNvbQ==
dGVzdDk1LmV4YW1wbGUuY29t
dGVzdDk1MC5leGFtcGxlLmNvbQ==
dGVzdDk1Mi5leGFtcGxlLmNvbQ==
dGVzdDk1MS5leGFtcGxlLmNvbQ==
dGVzdDk1My5leGFtcGxlLmNvbQ==
dGVzdDk1NC5leGFtcGxlLmNvbQ==
dGVzdDk1Ni5leGFtcGxlLmNvbQ==
dGVzdDk1NS5leGFtcGxlLmNvbQ==
dGVzdDk1Ny5leGFtcGxlLmNvbQ==
dGVzdDk1OC5leGFtcGxlLmNvbQ==
dGVzdDk1OS5leGFtcGxlLmNvbQ==
dGVzdDk2LmV4YW1wbGUuY29t
dGVzdDk2MC5leGFtcGxlLmNvbQ==
dGVzdDk2Mi5leGFtcGxlLmNvbQ==
dGVzdDk2MS5leGFtcGxlLmNvbQ==
dGVzdDk2My5leGFtcGxlLmNvbQ==
dGVzdDk2NC5leGFtcGxlLmNvbQ==
dGVzdDk2Ni5leGFtcGxlLmNvbQ==
dGVzdDk2NS5leGFtcGxlLmNvbQ==
dGVzdDk2Ny5leGFtcGxlLmNvbQ==
dGVzdDk2OC5leGFtcGxlLmNvbQ==
dGVzdDk2OS5leGFtcGxlLmNvbQ==
dGVzdDk3LmV4YW1wbGUuY29t
dGVzdDk3MC5leGFtcGxlLmNvbQ==
dGVzdDk3Mi5leGFtcGxlLmNvbQ==
dGVzdDk3MS5leGFtcGxlLmNvbQ==
dGVzdDk3My5leGFtcGxlLmNvbQ==
dGVzdDk3NC5leGFtcGxlLmNvbQ==
dGVzdDk3Ni5leGFtcGxlLmNvbQ==
dGVzdDk3NS5leGFtcGxlLmNvbQ==
dGVzdDk3Ny5leGFtcGxlLmNvbQ==
dGVzdDk3OC5leGFtcGxlLmNvbQ==
dGVzdDk3OS5leGFtcGxlLmNvbQ==
dGVzdDk4LmV4YW1wbGUuY29t
dGVzdDk4MC5leGFtcGxlLmNvbQ==
dGVzdDk4Mi5leGFtcGxlLmNvbQ==
dGVzdDk4MS5leGFtcGxlLmNvbQ==
dGVzdDk4My5leGFtcGxlLmNvbQ==
dGVzdDk4NC5leGFtcGxlLmNvbQ==
dGVzdDk4Ni5leGFtcGxlLmNvbQ==
dGVzdDk4NS5leGFtcGxlLmNvbQ==
dGVzdDk4Ny5leGFtcGxlLmNvbQ==
dGVzdDk4OC5leGFtcGxlLmNvbQ==
dGVzdDk4OS5leGFtcGxlLmNvbQ==
dGVzdDk5LmV4YW1wbGUuY29t
dGVzdDk5MC5leGFtcGxlLmNvbQ==
dGVzdDk5Mi5leGFtcGxlLmNvbQ==
dGVzdDk5MS5leGFtcGxlLmNvbQ==
dGVzdDk5My5leGFtcGxlLmNvbQ==
dGVzdDk5NC5leGFtcGxlLmNvbQ==
dGVzdDk5Ni5leGFtcGxlLmNvbQ==
dGVzdDk5NS5leGFtcGxlLmNvbQ==
dGVzdDk5Ny5leGFtcGxlLmNvbQ==
dGVzdDk5OC5leGFtcGxlLmNvbQ==
dGVzdDk5OS5leGFtcGxlLmNvbQ==
dGVzdDkuZXhhbXBsZS5jb20=
dGVzdDkwLmV4YW1wbGUuY29t
dGVzdDkwMC5leGFtcGxlLmNvbQ==
dGVzdDkwMi5leGFtcGxlLmNvbQ==
dGVzdDkwMS5leGFtcGxlLmNvbQ==
dGVzdDkwMy5leGFtcGxlLmNvbQ==
dGVzdDkwNC5leGFtcGxlLmNvbQ==
dGVzdDkwNi5leGFtcGxlLmNvbQ==
dGVzdDkwNS5leGFtcGxlLmNvbQ==
dGVzdDkwNy5leGFtcGxlLmNvbQ==
dGVzdDkwOC5leGFtcGxlLmNvbQ==
dGVzdDkwOS5leGFtcGxlLmNvbQ==
dGVzdDkxLmV4YW1wbGUuY29t
dGVzdDkxMC5leGFtcGxlLmNvbQ==
dGVzdDkxMi5leGFtcGxlLmNvbQ==
dGVzdDkxMS5leGFtcGxlLmNvbQ==
dGVzdDkxMy5leGFtcGxlLmNvbQ==
dGVzdDkxNC5leGFtcGxlLmNvbQ==
dGVzdDkxNi5leGFtcGxlLmNvbQ==
dGVzdDkxNS5leGFtcGxlLmNvbQ==
dGVzdDkxNy5leGFtcGxlLmNvbQ==
dGVzdDkxOC5leGFtcGxlLmNvbQ==
dGVzdDkxOS5leGFtcGxlLmNvbQ==
dGVzdDkyLmV4YW1wbGUuY29t
dGVzdDkyMC5leGFtcGxlLmNvbQ==
dGVzdDkyMi5leGFtcGxlLmNvbQ==
dGVzdDkyMS5leGFtcGxlLmNvbQ==
dGVzdDkyMy5leGFtcGxlLmNvbQ==
dGVzdDkyNC5leGFtcGxlLmNvbQ==
dGVzdDkyNi5leGFtcGxlLmNvbQ==
dGVzdDkyNS5leGFtcGxlLmNvbQ==
dGVzdDkyNy5leGFtcGxlLmNvbQ==
dGVzdDkyOC5leGFtcGxlLmNvbQ==
dGVzdDkyOS5leGFtcGxlLmNvbQ==
dGVzdDkzLmV4YW1wbGUuY29t
dGVzdDkzMC5leGFtcGxlLmNvbQ==
dGVzdDkzMi5leGFtcGxlLmNvbQ==
dGVzdDkzMS5leGFtcGxlLmNvbQ==
dGVzdDkzMy5leGFtcGxlLmNvbQ==
dGVzdDkzNC5leGFtcGxlLmNvbQ==
dGVzdDkzNi5leGFtcGxlLmNvbQ==
dGVzdDkzNS5leGFtcGxlLmNvbQ==
dGVzdDkzNy5leGFtcGxlLmNvbQ==
dGVzdDkzOC5leGFtcGxlLmNvbQ==
dGVzdDkzOS5leGFtcGxlLmNvbQ==
dGVzdDM0LmV4YW1wbGUuY29t
dGVzdDM0MC5leGFtcGxlLmNvbQ==
dGVzdDM0Mi5leGFtcGxlLmNvbQ==
dGVzdDM0MS5leGFtcGxlLmNvbQ==
dGVzdDM0My5leGFtcGxlLmNvbQ==
dGVzdDM0NC5leGFtcGxlLmNvbQ==
dGVzdDM0Ni5leGFtcGxlLmNvbQ==
dGVzdDM0NS5leGFtcGxlLmNvbQ==
dGVzdDM0Ny5leGFtcGxlLmNvbQ==
dGVzdDM0OC5leGFtcGxlLmNvbQ==
dGVzdDM0OS5leGFtcGxlLmNvbQ==
dGVzdDM1LmV4YW1wbGUuY29t
dGVzdDM1MC5leGFtcGxlLmNvbQ==
dGVzdDM1Mi5leGFtcGxlLmNvbQ==
dGVzdDM1MS5leGFtcGxlLmNvbQ==
dGVzdDM1My5leGFtcGxlLmNvbQ==
dGVzdDM1NC5leGFtcGxlLmNvbQ==
dGVzdDM1Ni5leGFtcGxlLmNvbQ==
dGVzdDM1NS5leGFtcGxlLmNvbQ==
dGVzdDM1Ny5leGFtcGxlLmNvbQ==
dGVzdDM1OC5leGFtcGxlLmNvbQ==
dGVzdDM1OS5leGFtcGxlLmNvbQ==
dGVzdDM2LmV4YW1wbGUuY29t
dGVzdDM2MC5leGFtcGxlLmNvbQ==
dGVzdDM2Mi5leGFtcGxlLmNvbQ==
dGVzdDM2MS5leGFtcGxlLmNvbQ==
dGVzdDM2My5leGFtcGxlLmNvbQ==
dGVzdDM2NC5leGFtcGxlLmNvbQ==
dGVzdDM2Ni5leGFtcGxlLmNvbQ==
dGVzdDM2NS5leGFtcGxlLmNvbQ==
dGVzdDM2Ny5leGFtcGxlLmNvbQ==
dGVzdDM2OC5leGFtcGxlLmNvbQ==
dGVzdDM2OS5leGFtcGxlLmNvbQ==
dGVzdDM3LmV4YW1wbGUuY29t
dGVzdDM3MC5leGFtcGxlLmNvbQ==
dGVzdDM3Mi5leGFtcGxlLmNvbQ==
dGVzdDM3MS5leGFtcGxlLmNvbQ==
dGVzdDM3My5leGFtcGxlLmNvbQ==
dGVzdDM3NC5leGFtcGxlLmNvbQ==
dGVzdDM3Ni5leGFtcGxlLmNvbQ==
dGVzdDM3NS5leGFtcGxlLmNvbQ==
dGVzdDM3Ny5leGFtcGxlLmNvbQ==
dGVzdDM3OC5leGFtcGxlLmNvbQ==
dGVzdDM3OS5leGFtcGxlLmNvbQ==
dGVzdDM4LmV4YW1wbGUuY29t
dGVzdDM4MC5leGFtcGxlLmNvbQ==
dGVzdDM4Mi5leGFtcGxlLmNvbQ==
dGVzdDM4MS5leGFtcGxlLmNvbQ==
dGVzdDM4My5leGFtcGxlLmNvbQ==
dGVzdDM4NC5leGFtcGxlLmNvbQ==
dGVzdDM4Ni5leGFtcGxlLmNvbQ==
dGVzdDM4NS5leGFtcGxlLmNvbQ==
dGVzdDM4Ny5leGFtcGxlLmNvbQ==
dGVzdDM4OC5leGFtcGxlLmNvbQ==
dGVzdDM4OS5leGFtcGxlLmNvbQ==
dGVzdDM5LmV4YW1wbGUuY29t
dGVzdDM5MC5leGFtcGxlLmNvbQ==
dGVzdDM5Mi5leGFtcGxlLmNvbQ==
dGVzdDM5MS5leGFtcGxlLmNvbQ==
dGVzdDM5My5leGFtcGxlLmNvbQ==
dGVzdDM5NC5leGFtcGxlLmNvbQ==
dGVzdDM5Ni5leGFtcGxlLmNvbQ==
dGVzdDM5NS5leGFtcGxlLmNvbQ==
dGVzdDM5Ny5leGFtcGxlLmNvbQ==
dGVzdDM5OC5leGFtcGxlLmNvbQ==
dGVzdDM5OS5leGFtcGxlLmNvbQ==
dGVzdDMuZXhhbXBsZS5jb20=
dGVzdDMwLmV4YW1wbGUuY29t
dGVzdDMwMC5leGFtcGxlLmNvbQ==
dGVzdDMwMi5leGFtcGxlLmNvbQ==
dGVzdDMwMS5leGFtcGxlLmNvbQ==
dGVzdDMwMy5leGFtcGxlLmNvbQ==
dGVzdDMwNC5leGFtcGxlLmNvbQ==
dGVzdDMwNi5leGFtcGxlLmNvbQ==
dGVzdDMwNS5leGFtcGxlLmNvbQ==
dGVzdDMwNy5leGFtcGxlLmNvbQ==
dGVzdDMwOC5leGFtcGxlLmNvbQ==
dGVzdDMwOS5leGFtcGxlLmNvbQ==
dGVzdDMxLmV4YW1wbGUuY29t
dGVzdDMxMC5leGFtcGxlLmNvbQ==
dGVzdDMxMi5leGFtcGxlLmNvbQ==
dGVzdDMxMS5leGFtcGxlLmNvbQ==
dGVzdDMxMy5leGFtcGxlLmNvbQ==
dGVzdDMxNC5leGFtcGxlLmNvbQ==
dGVzdDMxNi5leGFtcGxlLmNvbQ==
dGVzdDMxNS5leGFtcGxlLmNvbQ==
dGVzdDMxNy5leGFtcGxlLmNvbQ==
dGVzdDMxOC5leGFtcGxlLmNvbQ==
dGVzdDMxOS5leGFtcGxlLmNvbQ==
dGVzdDMyLmV4YW1wbGUuY29t
dGVzdDMyMC5leGFtcGxlLmNvbQ==
dGVzdDMyMi5leGFtcGxlLmNvbQ==
dGVzdDMyMS5leGFtcGxlLmNvbQ==
dGVzdDMyMy5leGFtcGxlLmNvbQ==
dGVzdDMyNC5leGFtcGxlLmNvbQ==
dGVzdDMyNi5leGFtcGxlLmNvbQ==
dGVzdDMyNS5leGFtcGxlLmNvbQ==
dGVzdDMyNy5leGFtcGxlLmNvbQ==
dGVzdDMyOC5leGFtcGxlLmNvbQ==
dGVzdDMyOS5leGFtcGxlLmNvbQ==
dGVzdDMzLmV4YW1wbGUuY29t
dGVzdDMzMC5leGFtcGxlLmNvbQ==
dGVzdDMzMi5leGFtcGxlLmNvbQ==
dGVzdDMzMS5leGFtcGxlLmNvbQ==
dGVzdDMzMy5leGFtcGxlLmNvbQ==
dGVzdDMzNC5leGFtcGxlLmNvbQ==
dGVzdDMzNi5leGFtcGxlLmNvbQ==
dGVzdDMzNS5leGFtcGxlLmNvbQ==
dGVzdDMzNy5leGFtcGxlLmNvbQ==
dGVzdDMzOC5leGFtcGxlLmNvbQ==
dGVzdDMzOS5leGFtcGxlLmNvbQ==
dGVzdDQ0LmV4YW1wbGUuY29t
dGVzdDQ0MC5leGFtcGxlLmNvbQ==
dGVzdDQ0Mi5leGFtcGxlLmNvbQ==
dGVzdDQ0MS5leGFtcGxlLmNvbQ==
dGVzdDQ0My5leGFtcGxlLmNvbQ==
dGVzdDQ0NC5leGFtcGxlLmNvbQ==
dGVzdDQ0Ni5leGFtcGxlLmNvbQ==
dGVzdDQ0NS5leGFtcGxlLmNvbQ==
dGVzdDQ0Ny5leGFtcGxlLmNvbQ==
dGVzdDQ0OC5leGFtcGxlLmNvbQ==
dGVzdDQ0OS5leGFtcGxlLmNvbQ==
dGVzdDQ1LmV4YW1wbGUuY29t
dGVzdDQ1MC5leGFtcGxlLmNvbQ==
dGVzdDQ1Mi5leGFtcGxlLmNvbQ==
dGVzdDQ1MS5leGFtcGxlLmNvbQ==
dGVzdDQ1My5leGFtcGxlLmNvbQ==
dGVzdDQ1NC5leGFtcGxlLmNvbQ==
dGVzdDQ1Ni5leGFtcGxlLmNvbQ==
dGVzdDQ1NS5leGFtcGxlLmNvbQ==
dGVzdDQ1Ny5leGFtcGxlLmNvbQ==
dGVzdDQ1OC5leGFtcGxlLmNvbQ==
dGVzdDQ1OS5leGFtcGxlLmNvbQ==
dGVzdDQ2LmV4YW1wbGUuY29t
dGVzdDQ2MC5leGFtcGxlLmNvbQ==
dGVzdDQ2Mi5leGFtcGxlLmNvbQ==
dGVzdDQ2MS5leGFtcGxlLmNvbQ==
dGVzdDQ2My5leGFtcGxlLmNvbQ==
dGVzdDQ2NC5leGFtcGxlLmNvbQ==
dGVzdDQ2Ni5leGFtcGxlLmNvbQ==
dGVzdDQ2NS5leGFtcGxlLmNvbQ==
dGVzdDQ2Ny5leGFtcGxlLmNvbQ==
dGVzdDQ2OC5leGFtcGxlLmNvbQ==
dGVzdDQ2OS5leGFtcGxlLmNvbQ==
dGVzdDQ3LmV4YW1wbGUuY29t
dGVzdDQ3MC5leGFtcGxlLmNvbQ==
dGVzdDQ3Mi5leGFtcGxlLmNvbQ==
dGVzdDQ3MS5leGFtcGxlLmNvbQ==
dGVzdDQ3My5leGFtcGxlLmNvbQ==
dGVzdDQ3NC5leGFtcGxlLmNvbQ==
dGVzdDQ3Ni5leGFtcGxlLmNvbQ==
dGVzdDQ3NS5leGFtcGxlLmNvbQ==
dGVzdDQ3Ny5leGFtcGxlLmNvbQ==
dGVzdDQ3OC5leGFtcGxlLmNvbQ==
dGVzdDQ3OS5leGFtcGxlLmNvbQ==
dGVzdDQ4LmV4YW1wbGUuY29t
dGVzdDQ4MC5leGFtcGxlLmNvbQ==
dGVzdDQ4Mi5leGFtcGxlLmNvbQ==
dGVzdDQ4MS5leGFtcGxlLmNvbQ==
dGVzdDQ4My5leGFtcGxlLmNvbQ==
dGVzdDQ4NC5leGFtcGxlLmNvbQ==
dGVzdDQ4Ni5leGFtcGxlLmNvbQ==
dGVzdDQ4NS5leGFtcGxlLmNvbQ==
dGVzdDQ4Ny5leGFtcGxlLmNvbQ==
dGVzdDQ4OC5leGFtcGxlLmNvbQ==
dGVzdDQ4OS5leGFtcGxlLmNvbQ==
dGVzdDQ5LmV4YW1wbGUuY29t
dGVzdDQ5MC5leGFtcGxlLmNvbQ==
dGVzdDQ5Mi5leGFtcGxlLmNvbQ==
dGVzdDQ5MS5leGFtcGxlLmNvbQ==
dGVzdDQ5My5leGFtcGxlLmNvbQ==
dGVzdDQ5NC5leGFtcGxlLmNvbQ==
dGVzdDQ5Ni5leGFtcGxlLmNvbQ==
dGVzdDQ5NS5leGFtcGxlLmNvbQ==
dGVzdDQ5Ny5leGFtcGxlLmNvbQ==
dGVzdDQ5OC5leGFtcGxlLmNvbQ==
dGVzdDQ5OS5leGFtcGxlLmNvbQ==
dGVzdDQuZXhhbXBsZS5jb20=
dGVzdDQwLmV4YW1wbGUuY29t
dGVzdDQwMC5leGFtcGxlLmNvbQ==
dGVzdDQwMi5leGFtcGxlLmNvbQ==
dGVzdDQwMS5leGFtcGxlLmNvbQ==
dGVzdDQwMy5leGFtcGxlLmNvbQ==
dGVzdDQwNC5leGFtcGxlLmNvbQ==
dGVzdDQwNi5leGFtcGxlLmNvbQ==
dGVzdDQwNS5leGFtcGxlLmNvbQ==
dGVzdDQwNy5leGFtcGxlLmNvbQ==
dGVzdDQwOC5leGFtcGxlLmNvbQ==
dGVzdDQwOS5leGFtcGxlLmNvbQ==
dGVzdDQxLmV4YW1wbGUuY29t
dGVzdDQxMC5leGFtcGxlLmNvbQ==
dGVzdDQxMi5leGFtcGxlLmNvbQ==
dGVzdDQxMS5leGFtcGxlLmNvbQ==
dGVzdDQxMy5leGFtcGxlLmNvbQ==
dGVzdDQxNC5leGFtcGxlLmNvbQ==
dGVzdDQxNi5leGFtcGxlLmNvbQ==
dGVzdDQxNS5leGFtcGxlLmNvbQ==
dGVzdDQxNy5leGFtcGxlLmNvbQ==
dGVzdDQxOC5leGFtcGxlLmNvbQ==
dGVzdDQxOS5leGFtcGxlLmNvbQ==
dGVzdDQyLmV4YW1wbGUuY29t
dGVzdDQyMC5leGFtcGxlLmNvbQ==
dGVzdDQyMi5leGFtcGxlLmNvbQ==
dGVzdDQyMS5leGFtcGxlLmNvbQ==
dGVzdDQyMy5leGFtcGxlLmNvbQ==
dGVzdDQyNC5leGFtcGxlLmNvbQ==
dGVzdDQyNi5leGFtcGxlLmNvbQ==
dGVzdDQyNS5leGFtcGxlLmNvbQ==
dGVzdDQyNy5leGFtcGxlLmNvbQ==
dGVzdDQyOC5leGFtcGxlLmNvbQ==
dGVzdDQyOS5leGFtcGxlLmNvbQ==
dGVzdDQzLmV4YW1wbGUuY29t
dGVzdDQzMC5leGFtcGxlLmNvbQ==
dGVzdDQzMi5leGFtcGxlLmNvbQ==
dGVzdDQzMS5leGFtcGxlLmNvbQ==
dGVzdDQzMy5leGFtcGxlLmNvbQ==
dGVzdDQzNC5leGFtcGxlLmNvbQ==
dGVzdDQzNi5leGFtcGxlLmNvbQ==
dGVzdDQzNS5leGFtcGxlLmNvbQ==
dGVzdDQzNy5leGFtcGxlLmNvbQ==
dGVzdDQzOC5leGFtcGxlLmNvbQ==
dGVzdDQzOS5leGFtcGxlLmNvbQ==
dGVzdDU0LmV4YW1wbGUuY29t
dGVzdDU0MC5leGFtcGxlLmNvbQ==
dGVzdDU0Mi5leGFtcGxlLmNvbQ==
dGVzdDU0MS5leGFtcGxlLmNvbQ==
dGVzdDU0My5leGFtcGxlLmNvbQ==
dGVzdDU0NC5leGFtcGxlLmNvbQ==
dGVzdDU0Ni5leGFtcGxlLmNvbQ==
dGVzdDU0NS5leGFtcGxlLmNvbQ==
dGVzdDU0Ny5leGFtcGxlLmNvbQ==
dGVzdDU0OC5leGFtcGxlLmNvbQ==
dGVzdDU0OS5leGFtcGxlLmNvbQ==
dGVzdDU1LmV4YW1wbGUuY29t
dGVzdDU1MC5leGFtcGxlLmNvbQ==
dGVzdDU1Mi5leGFtcGxlLmNvbQ==
dGVzdDU1MS5leGFtcGxlLmNvbQ==
dGVzdDU1My5leGFtcGxlLmNvbQ==
dGVzdDU1NC5leGFtcGxlLmNvbQ==
dGVzdDU1Ni5leGFtcGxlLmNvbQ==
dGVzdDU1NS5leGFtcGxlLmNvbQ==
dGVzdDU1Ny5leGFtcGxlLmNvbQ==
dGVzdDU1OC5leGFtcGxlLmNvbQ==
dGVzdDU1OS5leGFtcGxlLmNvbQ==
dGVzdDU2LmV4YW1wbGUuY29t
dGVzdDU2MC5leGFtcGxlLmNvbQ==
dGVzdDU2Mi5leGFtcGxlLmNvbQ==
dGVzdDU2MS5leGFtcGxlLmNvbQ==
dGVzdDU2My5leGFtcGxlLmNvbQ==
dGVzdDU2NC5leGFtcGxlLmNvbQ==
dGVzdDU2Ni5leGFtcGxlLmNvbQ==
dGVzdDU2NS5leGFtcGxlLmNvbQ==
dGVzdDU2Ny5leGFtcGxlLmNvbQ==
dGVzdDU2OC5leGFtcGxlLmNvbQ==
dGVzdDU2OS5leGFtcGxlLmNvbQ==
dGVzdDU3LmV4YW1wbGUuY29t
dGVzdDU3MC5leGFtcGxlLmNvbQ==
dGVzdDU3Mi5leGFtcGxlLmNvbQ==
dGVzdDU3MS5leGFtcGxlLmNvbQ==
dGVzdDU3My5leGFtcGxlLmNvbQ==
dGVzdDU3NC5leGFtcGxlLmNvbQ==
dGVzdDU3Ni5leGFtcGxlLmNvbQ==
dGVzdDU3NS5leGFtcGxlLmNvbQ==
dGVzdDU3Ny5leGFtcGxlLmNvbQ==
dGVzdDU3OC5leGFtcGxlLmNvbQ==
dGVzdDU3OS5leGFtcGxlLmNvbQ==
dGVzdDU4LmV4YW1wbGUuY29t
dGVzdDU4MC5leGFtcGxlLmNvbQ==
dGVzdDU4Mi5leGFtcGxlLmNvbQ==
dGVzdDU4MS5leGFtcGxlLmNvbQ==
dGVzdDU4My5leGFtcGxlLmNvbQ==
dGVzdDU4NC5leGFtcGxlLmNvbQ==
dGVzdDU4Ni5leGFtcGxlLmNvbQ==
dGVzdDU4NS5leGFtcGxlLmNvbQ==
dGVzdDU4Ny5leGFtcGxlLmNvbQ==
dGVzdDU4OC5leGFtcGxlLmNvbQ==
dGVzdDU4OS5leGFtcGxlLmNvbQ==
dGVzdDU5LmV4YW1wbGUuY29t
dGVzdDU5MC5leGFtcGxlLmNvbQ==
dGVzdDU5Mi5leGFtcGxlLmNvbQ==
dGVzdDU5MS5leGFtcGxlLmNvbQ==
dGVzdDU5My5leGFtcGxlLmNvbQ==
dGVzdDU5NC5leGFtcGxlLmNvbQ==
dGVzdDU5Ni5leGFtcGxlLmNvbQ==
dGVzdDU5NS5leGFtcGxlLmNvbQ==
dGVzdDU5Ny5leGFtcGxlLmNvbQ==
dGVzdDU5OC5leGFtcGxlLmNvbQ==
dGVzdDU5OS5leGFtcGxlLmNvbQ==
dGVzdDUuZXhhbXBsZS5jb20=
dGVzdDUwLmV4YW1wbGUuY29t
dGVzdDUwMC5leGFtcGxlLmNvbQ==
dGVzdDUwMi5leGFtcGxlLmNvbQ==
dGVzdDUwMS5leGFtcGxlLmNvbQ==
dGVzdDUwMy5leGFtcGxlLmNvbQ==
dGVzdDUwNC5leGFtcGxlLmNvbQ==
dGVzdDUwNi5leGFtcGxlLmNvbQ==
dGVzdDUwNS5leGFtcGxlLmNvbQ==
dGVzdDUwNy5leGFtcGxlLmNvbQ==
dGVzdDUwOC5leGFtcGxlLmNvbQ==
dGVzdDUwOS5leGFtcGxlLmNvbQ==
dGVzdDUxLmV4YW1wbGUuY29t
dGVzdDUxMC5leGFtcGxlLmNvbQ==
dGVzdDUxMi5leGFtcGxlLmNvbQ==
dGVzdDUxMS5leGFtcGxlLmNvbQ==
dGVzdDUxMy5leGFtcGxlLmNvbQ==
dGVzdDUxNC5leGFtcGxlLmNvbQ==
dGVzdDUxNi5leGFtcGxlLmNvbQ==
dGVzdDUxNS5leGFtcGxlLmNvbQ==
dGVzdDUxNy5leGFtcGxlLmNvbQ==
dGVzdDUxOC5leGFtcGxlLmNvbQ==
dGVzdDUxOS5leGFtcGxlLmNvbQ==
dGVzdDUyLmV4YW1wbGUuY29t
dGVzdDUyMC5leGFtcGxlLmNvbQ==
dGVzdDUyMi5leGFtcGxlLmNvbQ==
dGVzdDUyMS5leGFtcGxlLmNvbQ==
dGVzdDUyMy5leGFtcGxlLmNvbQ==
dGVzdDUyNC5leGFtcGxlLmNvbQ==
dGVzdDUyNi5leGFtcGxlLmNvbQ==
dGVzdDUyNS5leGFtcGxlLmNvbQ==
dGVzdDUyNy5leGFtcGxlLmNvbQ==
dGVzdDUyOC5leGFtcGxlLmNvbQ==
dGVzdDUyOS5leGFtcGxlLmNvbQ==
dGVzdDUzLmV4YW1wbGUuY29t
dGVzdDUzMC5leGFtcGxlLmNvbQ==
dGVzdDUzMi5leGFtcGxlLmNvbQ==
dGVzdDUzMS5leGFtcGxlLmNvbQ==
dGVzdDUzMy5leGFtcGxlLmNvbQ==
dGVzdDUzNC5leGFtcGxlLmNvbQ==
dGVzdDUzNi5leGFtcGxlLmNvbQ==
dGVzdDUzNS5leGFtcGxlLmNvbQ==
dGVzdDUzNy5leGFtcGxlLmNvbQ==
dGVzdDUzOC5leGFtcGxlLmNvbQ==
dGVzdDUzOS5leGFtcGxlLmNvbQ==
dGVzdDY0LmV4YW1wbGUuY29t
dGVzdDY0MC5leGFtcGxlLmNvbQ==
dGVzdDY0Mi5leGFtcGxlLmNvbQ==
dGVzdDY0MS5leGFtcGxlLmNvbQ==
dGVzdDY0My5leGFtcGxlLmNvbQ==
dGVzdDY0NC5leGFtcGxlLmNvbQ==
dGVzdDY0Ni5leGFtcGxlLmNvbQ==
dGVzdDY0NS5leGFtcGxlLmNvbQ==
dGVzdDY0Ny5leGFtcGxlLmNvbQ==
dGVzdDY0OC5leGFtcGxlLmNvbQ==
dGVzdDY0OS5leGFtcGxlLmNvbQ==
dGVzdDY1LmV4YW1wbGUuY29t
dGVzdDY1MC5leGFtcGxlLmNvbQ==
dGVzdDY1Mi5leGFtcGxlLmNvbQ==
dGVzdDY1MS5leGFtcGxlLmNvbQ==
dGVzdDY1My5leGFtcGxlLmNvbQ==
dGVzdDY1NC5leGFtcGxlLmNvbQ==
dGVzdDY1Ni5leGFtcGxlLmNvbQ==
dGVzdDY1NS5leGFtcGxlLmNvbQ==
dGVzdDY1Ny5leGFtcGxlLmNvbQ==
dGVzdDY1OC5leGFtcGxlLmNvbQ==
dGVzdDY1OS5leGFtcGxlLmNvbQ==
dGVzdDY2LmV4YW1wbGUuY29t
dGVzdDY2MC5leGFtcGxlLmNvbQ==
dGVzdDY2Mi5leGFtcGxlLmNvbQ==
dGVzdDY2MS5leGFtcGxlLmNvbQ==
dGVzdDY2My5leGFtcGxlLmNvbQ==
dGVzdDY2NC5leGFtcGxlLmNvbQ==
dGVzdDY2Ni5leGFtcGxlLmNvbQ==
dGVzdDY2NS5leGFtcGxlLmNvbQ==
dGVzdDY2Ny5leGFtcGxlLmNvbQ==
dGVzdDY2OC5leGFtcGxlLmNvbQ==
dGVzdDY2OS5leGFtcGxlLmNvbQ==
dGVzdDY3LmV4YW1wbGUuY29t
dGVzdDY3MC5leGFtcGxlLmNvbQ==
dGVzdDY3Mi5leGFtcGxlLmNvbQ==
dGVzdDY3MS5leGFtcGxlLmNvbQ==
dGVzdDY3My5leGFtcGxlLmNvbQ==
dGVzdDY3NC5leGFtcGxlLmNvbQ==
dGVzdDY3Ni5leGFtcGxlLmNvbQ==
dGVzdDY3NS5leGFtcGxlLmNvbQ==
dGVzdDY3Ny5leGFtcGxlLmNvbQ==
dGVzdDY3OC5leGFtcGxlLmNvbQ==
dGVzdDY3OS5leGFtcGxlLmNvbQ==
dGVzdDY4LmV4YW1wbGUuY29t
dGVzdDY4MC5leGFtcGxlLmNvbQ==
dGVzdDY4Mi5leGFtcGxlLmNvbQ==
dGVzdDY4MS5leGFtcGxlLmNvbQ==
dGVzdDY4My5leGFtcGxlLmNvbQ==
dGVzdDY4NC5leGFtcGxlLmNvbQ==
dGVzdDY4Ni5leGFtcGxlLmNvbQ==
dGVzdDY4NS5leGFtcGxlLmNvbQ==
dGVzdDY4Ny5leGFtcGxlLmNvbQ==
dGVzdDY4OC5leGFtcGxlLmNvbQ==
dGVzdDY4OS5leGFtcGxlLmNvbQ==
dGVzdDY5LmV4YW1wbGUuY29t
dGVzdDY5MC5leGFtcGxlLmNvbQ==
dGVzdDY5Mi5leGFtcGxlLmNvbQ==
dGVzdDY5MS5leGFtcGxlLmNvbQ==
dGVzdDY5My5leGFtcGxlLmNvbQ==
dGVzdDY5NC5leGFtcGxlLmNvbQ==
dGVzdDY5Ni5leGFtcGxlLmNvbQ==
dGVzdDY5NS5leGFtcGxlLmNvbQ==
dGVzdDY5Ny5leGFtcGxlLmNvbQ==
dGVzdDY5OC5leGFtcGxlLmNvbQ==
dGVzdDY5OS5leGFtcGxlLmNvbQ==
dGVzdDYuZXhhbXBsZS5jb20=
dGVzdDYwLmV4YW1wbGUuY29t
dGVzdDYwMC5leGFtcGxlLmNvbQ==
dGVzdDYwMi5leGFtcGxlLmNvbQ==
dGVzdDYwMS5leGFtcGxlLmNvbQ==
dGVzdDYwMy5leGFtcGxlLmNvbQ==
dGVzdDYwNC5leGFtcGxlLmNvbQ==
dGVzdDYwNi5leGFtcGxlLmNvbQ==
dGVzdDYwNS5leGFtcGxlLmNvbQ==
dGVzdDYwNy5leGFtcGxlLmNvbQ==
dGVzdDYwOC5leGFtcGxlLmNvbQ==
dGVzdDYwOS5leGFtcGxlLmNvbQ==
dGVzdDYxLmV4YW1wbGUuY29t
dGVzdDYxMC5leGFtcGxlLmNvbQ==
dGVzdDYxMi5leGFtcGxlLmNvbQ==
dGVzdDYxMS5leGFtcGxlLmNvbQ==
dGVzdDYxMy5leGFtcGxlLmNvbQ==
dGVzdDYxNC5leGFtcGxlLmNvbQ==
dGVzdDYxNi5leGFtcGxlLmNvbQ==
dGVzdDYxNS5leGFtcGxlLmNvbQ==
dGVzdDYxNy5leGFtcGxlLmNvbQ==
dGVzdDYxOC5leGFtcGxlLmNvbQ==
dGVzdDYxOS5leGFtcGxlLmNvbQ==
dGVzdDYyLmV4YW1wbGUuY29t
dGVzdDYyMC5leGFtcGxlLmNvbQ==
dGVzdDYyMi5leGFtcGxlLmNvbQ==
dGVzdDYyMS5leGFtcGxlLmNvbQ==
dGVzdDYyMy5leGFtcGxlLmNvbQ==
dGVzdDYyNC5leGFtcGxlLmNvbQ==
dGVzdDYyNi5leGFtcGxlLmNvbQ==
dGVzdDYyNS5leGFtcGxlLmNvbQ==
dGVzdDYyNy5leGFtcGxlLmNvbQ==
dGVzdDYyOC5leGFtcGxlLmNvbQ==
dGVzdDYyOS5leGFtcGxlLmNvbQ==
dGVzdDYzLmV4YW1wbGUuY29t
dGVzdDYzMC5leGFtcGxlLmNvbQ==
dGVzdDYzMi5leGFtcGxlLmNvbQ==
dGVzdDYzMS5leGFtcGxlLmNvbQ==
dGVzdDYzMy5leGFtcGxlLmNvbQ==
dGVzdDYzNC5leGFtcGxlLmNvbQ==
dGVzdDYzNi5leGFtcGxlLmNvbQ==
dGVzdDYzNS5leGFtcGxlLmNvbQ==
dGVzdDYzNy5leGFtcGxlLmNvbQ==
dGVzdDYzOC5leGFtcGxlLmNvbQ==
dGVzdDYzOS5leGFtcGxlLmNvbQ==
