0004:0005:0000:0000:0000:0000:0000:0006
0007:0008:0000:0000:0000:0000:0000:0009
